16:01:37 **** Incremental Build of configuration Debug for project final_project ****
make -j16 all 
arm-none-eabi-gcc "../Core/Src/main.c" -mcpu=cortex-m3 -std=gnu11 -g3 -DDEBUG -DUSE_HAL_DRIVER -DSTM32F103x6 -c -I../Core/Inc -I../Drivers/STM32F1xx_HAL_Driver/Inc -I../Drivers/STM32F1xx_HAL_Driver/Inc/Legacy -I../Drivers/CMSIS/Device/ST/STM32F1xx/Include -I../Drivers/CMSIS/Include -O0 -ffunction-sections -fdata-sections -Wall -fstack-usage -MMD -MP -MF"Core/Src/main.d" -MT"Core/Src/main.o" --specs=nano.specs -mfloat-abi=soft -mthumb -o "Core/Src/main.o"
arm-none-eabi-gcc -o "final_project.elf" @"objects.list"   -mcpu=cortex-m3 -T"D:\Code\RTOS project\final_project\STM32F103C6TX_FLASH.ld" --specs=nosys.specs -Wl,-Map="final_project.map" -Wl,--gc-sections -static --specs=nano.specs -mfloat-abi=soft -mthumb -Wl,--start-group -lc -lm -Wl,--end-group
Finished building target: final_project.elf
 
arm-none-eabi-size   final_project.elf 
arm-none-eabi-objdump -h -S  final_project.elf  > "final_project.list"
arm-none-eabi-objcopy  -O ihex  final_project.elf  "final_project.hex"
   text	   data	    bss	    dec	    hex	filename
   7964	     20	   3732	  11716	   2dc4	final_project.elf
arm-none-eabi-objcopy  -O binary  final_project.elf  "final_project.bin"
Finished building: default.size.stdout
 
Finished building: final_project.bin
Finished building: final_project.hex
Finished building: final_project.list
 
 
 

16:01:38 Build Finished. 0 errors, 0 warnings. (took 540ms)

